[     127ms] [INFO] %cDownload the React DevTools for a better development experience: https://react.dev/link/react-devtools font-weight:bold @ http://localhost:3000/_next/static/chunks/12e1_next_dist_0kq63wv._.js:2489
[     185ms] [LOG] [HMR] connected @ http://localhost:3000/_next/static/chunks/12e1_next_dist_0kq63wv._.js:2489
[   66893ms] [LOG] [Fast Refresh] rebuilding @ http://localhost:3000/_next/static/chunks/12e1_next_dist_0kq63wv._.js:2489
[   66895ms] [LOG] [Fast Refresh] done in 105ms @ http://localhost:3000/_next/static/chunks/12e1_next_dist_0kq63wv._.js:2489
[  675619ms] [LOG] [Fast Refresh] rebuilding @ http://localhost:3000/_next/static/chunks/12e1_next_dist_0kq63wv._.js:2489
[  675635ms] [LOG] [Fast Refresh] done in 117ms @ http://localhost:3000/_next/static/chunks/12e1_next_dist_0kq63wv._.js:2489
[ 3235437ms] [LOG] [Fast Refresh] rebuilding @ http://localhost:3000/_next/static/chunks/12e1_next_dist_0kq63wv._.js:2489
[ 3235441ms] [LOG] [Fast Refresh] done in 106ms @ http://localhost:3000/_next/static/chunks/12e1_next_dist_0kq63wv._.js:2489
[ 3426828ms] [LOG] [Fast Refresh] rebuilding @ http://localhost:3000/_next/static/chunks/12e1_next_dist_0kq63wv._.js:2489
[ 3426851ms] [LOG] [Fast Refresh] done in 125ms @ http://localhost:3000/_next/static/chunks/12e1_next_dist_0kq63wv._.js:2489
[ 3436979ms] [ERROR] WebSocket connection to 'ws://localhost:3000/_next/webpack-hmr?id=gp_TVJK1Sy7574z4lElW2' failed: Error in connection establishment: net::ERR_CONNECTION_REFUSED @ http://localhost:3000/_next/static/chunks/12e1_next_dist_client_1yj3q4e._.js:13422
[ 3437980ms] [ERROR] WebSocket connection to 'ws://localhost:3000/_next/webpack-hmr?id=gp_TVJK1Sy7574z4lElW2' failed: Error in connection establishment: net::ERR_CONNECTION_REFUSED @ http://localhost:3000/_next/static/chunks/12e1_next_dist_client_1yj3q4e._.js:13422
[ 3438982ms] [ERROR] WebSocket connection to 'ws://localhost:3000/_next/webpack-hmr?id=gp_TVJK1Sy7574z4lElW2' failed: Error in connection establishment: net::ERR_CONNECTION_REFUSED @ http://localhost:3000/_next/static/chunks/12e1_next_dist_client_1yj3q4e._.js:13422
[ 3439984ms] [ERROR] WebSocket connection to 'ws://localhost:3000/_next/webpack-hmr?id=gp_TVJK1Sy7574z4lElW2' failed: Error in connection establishment: net::ERR_CONNECTION_REFUSED @ http://localhost:3000/_next/static/chunks/12e1_next_dist_client_1yj3q4e._.js:13422
[ 3440987ms] [ERROR] WebSocket connection to 'ws://localhost:3000/_next/webpack-hmr?id=gp_TVJK1Sy7574z4lElW2' failed: Error in connection establishment: net::ERR_CONNECTION_REFUSED @ http://localhost:3000/_next/static/chunks/12e1_next_dist_client_1yj3q4e._.js:13422
[ 3445990ms] [ERROR] WebSocket connection to 'ws://localhost:3000/_next/webpack-hmr?id=gp_TVJK1Sy7574z4lElW2' failed: Error in connection establishment: net::ERR_CONNECTION_REFUSED @ http://localhost:3000/_next/static/chunks/12e1_next_dist_client_1yj3q4e._.js:13422
[ 3450999ms] [ERROR] WebSocket connection to 'ws://localhost:3000/_next/webpack-hmr?id=gp_TVJK1Sy7574z4lElW2' failed: Error in connection establishment: net::ERR_CONNECTION_REFUSED @ http://localhost:3000/_next/static/chunks/12e1_next_dist_client_1yj3q4e._.js:13422
[ 3456021ms] [ERROR] WebSocket connection to 'ws://localhost:3000/_next/webpack-hmr?id=gp_TVJK1Sy7574z4lElW2' failed: Error in connection establishment: net::ERR_CONNECTION_REFUSED @ http://localhost:3000/_next/static/chunks/12e1_next_dist_client_1yj3q4e._.js:13422
[ 3461059ms] [ERROR] WebSocket connection to 'ws://localhost:3000/_next/webpack-hmr?id=gp_TVJK1Sy7574z4lElW2' failed: Error in connection establishment: net::ERR_CONNECTION_REFUSED @ http://localhost:3000/_next/static/chunks/12e1_next_dist_client_1yj3q4e._.js:13422
[ 3466095ms] [ERROR] WebSocket connection to 'ws://localhost:3000/_next/webpack-hmr?id=gp_TVJK1Sy7574z4lElW2' failed: Error in connection establishment: net::ERR_CONNECTION_REFUSED @ http://localhost:3000/_next/static/chunks/12e1_next_dist_client_1yj3q4e._.js:13422
[ 3471228ms] [ERROR] WebSocket connection to 'ws://localhost:3000/_next/webpack-hmr?id=gp_TVJK1Sy7574z4lElW2' failed: Error in connection establishment: net::ERR_CONNECTION_REFUSED @ http://localhost:3000/_next/static/chunks/12e1_next_dist_client_1yj3q4e._.js:13422
[ 3476329ms] [ERROR] WebSocket connection to 'ws://localhost:3000/_next/webpack-hmr?id=gp_TVJK1Sy7574z4lElW2' failed: Error in connection establishment: net::ERR_CONNECTION_REFUSED @ http://localhost:3000/_next/static/chunks/12e1_next_dist_client_1yj3q4e._.js:13422
[ 3476392ms] [ERROR] Failed to load resource: net::ERR_CONNECTION_REFUSED @ http://localhost:3000/icon.svg:0
