[    1080ms] [INFO] %cDownload the React DevTools for a better development experience: https://react.dev/link/react-devtools font-weight:bold @ http://localhost:3000/_next/static/chunks/12e1_next_dist_0kq63wv._.js:2489
[    1166ms] [LOG] [HMR] connected @ http://localhost:3000/_next/static/chunks/12e1_next_dist_0kq63wv._.js:2489
[    2028ms] [LOG] [Fast Refresh] rebuilding @ http://localhost:3000/_next/static/chunks/12e1_next_dist_0kq63wv._.js:2489
[    9273ms] [LOG] [Fast Refresh] done in 7360ms @ http://localhost:3000/_next/static/chunks/12e1_next_dist_0kq63wv._.js:2489
[    9416ms] [LOG] [Fast Refresh] rebuilding @ http://localhost:3000/_next/static/chunks/12e1_next_dist_0kq63wv._.js:2489
[   10488ms] [LOG] [Fast Refresh] done in 1173ms @ http://localhost:3000/_next/static/chunks/12e1_next_dist_0kq63wv._.js:2489
[   10724ms] [LOG] [Fast Refresh] rebuilding @ http://localhost:3000/_next/static/chunks/12e1_next_dist_0kq63wv._.js:2489
[   10740ms] [LOG] [Fast Refresh] done in 116ms @ http://localhost:3000/_next/static/chunks/12e1_next_dist_0kq63wv._.js:2489
[   26976ms] [LOG] [Fast Refresh] rebuilding @ http://localhost:3000/_next/static/chunks/12e1_next_dist_0kq63wv._.js:2489
[   28656ms] [LOG] [Fast Refresh] done in 1786ms @ http://localhost:3000/_next/static/chunks/12e1_next_dist_0kq63wv._.js:2489
[   29814ms] [LOG] [Fast Refresh] rebuilding @ http://localhost:3000/_next/static/chunks/12e1_next_dist_0kq63wv._.js:2489
[   30144ms] [LOG] [Fast Refresh] done in 433ms @ http://localhost:3000/_next/static/chunks/12e1_next_dist_0kq63wv._.js:2489
[   39062ms] [LOG] [Fast Refresh] rebuilding @ http://localhost:3000/_next/static/chunks/12e1_next_dist_0kq63wv._.js:2489
[   39064ms] [LOG] [Fast Refresh] done in 116ms @ http://localhost:3000/_next/static/chunks/12e1_next_dist_0kq63wv._.js:2489
[   46597ms] [LOG] [Fast Refresh] rebuilding @ http://localhost:3000/_next/static/chunks/12e1_next_dist_0kq63wv._.js:2489
[   53342ms] [LOG] [Fast Refresh] done in 6848ms @ http://localhost:3000/_next/static/chunks/12e1_next_dist_0kq63wv._.js:2489
[   60270ms] [LOG] [Fast Refresh] rebuilding @ http://localhost:3000/_next/static/chunks/12e1_next_dist_0kq63wv._.js:2489
[   65042ms] [LOG] [Fast Refresh] done in 4882ms @ http://localhost:3000/_next/static/chunks/12e1_next_dist_0kq63wv._.js:2489
[   68991ms] [LOG] [Fast Refresh] rebuilding @ http://localhost:3000/_next/static/chunks/12e1_next_dist_0kq63wv._.js:2489
[   69832ms] [LOG] [Fast Refresh] done in 945ms @ http://localhost:3000/_next/static/chunks/12e1_next_dist_0kq63wv._.js:2489
[   88660ms] [LOG] [Fast Refresh] rebuilding @ http://localhost:3000/_next/static/chunks/12e1_next_dist_0kq63wv._.js:2489
[   89411ms] [LOG] [Fast Refresh] done in 862ms @ http://localhost:3000/_next/static/chunks/12e1_next_dist_0kq63wv._.js:2489
[   90136ms] [LOG] [Fast Refresh] rebuilding @ http://localhost:3000/_next/static/chunks/12e1_next_dist_0kq63wv._.js:2489
[   90219ms] [LOG] [Fast Refresh] done in 202ms @ http://localhost:3000/_next/static/chunks/12e1_next_dist_0kq63wv._.js:2489
[   91147ms] [INFO] %cDownload the React DevTools for a better development experience: https://react.dev/link/react-devtools font-weight:bold @ http://localhost:3000/_next/static/chunks/12e1_next_dist_0kq63wv._.js:2489
[   91201ms] [LOG] [HMR] connected @ http://localhost:3000/_next/static/chunks/12e1_next_dist_0kq63wv._.js:2489
[   91573ms] [LOG] [Fast Refresh] rebuilding @ http://localhost:3000/_next/static/chunks/12e1_next_dist_0kq63wv._.js:2489
[   91719ms] [LOG] [Fast Refresh] done in 266ms @ http://localhost:3000/_next/static/chunks/12e1_next_dist_0kq63wv._.js:2489
