[    2756ms] [LOG] [HMR] connected @ http://localhost:3000/_next/static/chunks/12e1_next_dist_13frtok._.js:1226
[    9558ms] [INFO] %cDownload the React DevTools for a better development experience: https://react.dev/link/react-devtools font-weight:bold @ http://localhost:3000/_next/static/chunks/12e1_next_dist_0kq63wv._.js:2489
[    9634ms] [LOG] [HMR] connected @ http://localhost:3000/_next/static/chunks/12e1_next_dist_0kq63wv._.js:2489
[   10688ms] [LOG] [Fast Refresh] rebuilding @ http://localhost:3000/_next/static/chunks/12e1_next_dist_0kq63wv._.js:2489
[   11783ms] [LOG] [Fast Refresh] done in 2068ms @ http://localhost:3000/_next/static/chunks/12e1_next_dist_0kq63wv._.js:2489
[   29456ms] [LOG] [Fast Refresh] rebuilding @ http://localhost:3000/_next/static/chunks/12e1_next_dist_0kq63wv._.js:2489
[   30044ms] [LOG] [Fast Refresh] done in 689ms @ http://localhost:3000/_next/static/chunks/12e1_next_dist_0kq63wv._.js:2489
[   44529ms] [LOG] [Fast Refresh] rebuilding @ http://localhost:3000/_next/static/chunks/12e1_next_dist_0kq63wv._.js:2489
[   45039ms] [LOG] [Fast Refresh] done in 611ms @ http://localhost:3000/_next/static/chunks/12e1_next_dist_0kq63wv._.js:2489
[   68369ms] [LOG] [Fast Refresh] rebuilding @ http://localhost:3000/_next/static/chunks/12e1_next_dist_0kq63wv._.js:2489
[   69010ms] [LOG] [Fast Refresh] done in 746ms @ http://localhost:3000/_next/static/chunks/12e1_next_dist_0kq63wv._.js:2489
[   83709ms] [LOG] [Fast Refresh] rebuilding @ http://localhost:3000/_next/static/chunks/12e1_next_dist_0kq63wv._.js:2489
[   84456ms] [LOG] [Fast Refresh] done in 849ms @ http://localhost:3000/_next/static/chunks/12e1_next_dist_0kq63wv._.js:2489
[   97013ms] [LOG] [Fast Refresh] rebuilding @ http://localhost:3000/_next/static/chunks/12e1_next_dist_0kq63wv._.js:2489
[   97204ms] [LOG] [Fast Refresh] done in 292ms @ http://localhost:3000/_next/static/chunks/12e1_next_dist_0kq63wv._.js:2489
[  103262ms] [LOG] [Fast Refresh] rebuilding @ http://localhost:3000/_next/static/chunks/12e1_next_dist_0kq63wv._.js:2489
[  109327ms] [LOG] [Fast Refresh] done in 6167ms @ http://localhost:3000/_next/static/chunks/12e1_next_dist_0kq63wv._.js:2489
[  138723ms] [LOG] [Fast Refresh] rebuilding @ http://localhost:3000/_next/static/chunks/12e1_next_dist_0kq63wv._.js:2489
[  139368ms] [LOG] [Fast Refresh] done in 747ms @ http://localhost:3000/_next/static/chunks/12e1_next_dist_0kq63wv._.js:2489
[  150936ms] [LOG] [Fast Refresh] rebuilding @ http://localhost:3000/_next/static/chunks/12e1_next_dist_0kq63wv._.js:2489
[  151961ms] [LOG] [Fast Refresh] done in 1173ms @ http://localhost:3000/_next/static/chunks/12e1_next_dist_0kq63wv._.js:2489
[  158527ms] [LOG] [Fast Refresh] rebuilding @ http://localhost:3000/_next/static/chunks/12e1_next_dist_0kq63wv._.js:2489
[  159545ms] [LOG] [Fast Refresh] done in 1119ms @ http://localhost:3000/_next/static/chunks/12e1_next_dist_0kq63wv._.js:2489
[  188660ms] [LOG] [Fast Refresh] rebuilding @ http://localhost:3000/_next/static/chunks/12e1_next_dist_0kq63wv._.js:2489
[  190434ms] [LOG] [Fast Refresh] done in 1876ms @ http://localhost:3000/_next/static/chunks/12e1_next_dist_0kq63wv._.js:2489
[  203721ms] [LOG] [Fast Refresh] rebuilding @ http://localhost:3000/_next/static/chunks/12e1_next_dist_0kq63wv._.js:2489
[  203827ms] [LOG] [Fast Refresh] done in 218ms @ http://localhost:3000/_next/static/chunks/12e1_next_dist_0kq63wv._.js:2489
[  210257ms] [LOG] [Fast Refresh] rebuilding @ http://localhost:3000/_next/static/chunks/12e1_next_dist_0kq63wv._.js:2489
[  215256ms] [LOG] [Fast Refresh] done in 5101ms @ http://localhost:3000/_next/static/chunks/12e1_next_dist_0kq63wv._.js:2489
[  328231ms] [LOG] [Fast Refresh] rebuilding @ http://localhost:3000/_next/static/chunks/12e1_next_dist_0kq63wv._.js:2489
[  329534ms] [LOG] [Fast Refresh] done in 1404ms @ http://localhost:3000/_next/static/chunks/12e1_next_dist_0kq63wv._.js:2489
[  334102ms] [LOG] [Fast Refresh] rebuilding @ http://localhost:3000/_next/static/chunks/12e1_next_dist_0kq63wv._.js:2489
[  334753ms] [LOG] [Fast Refresh] done in 753ms @ http://localhost:3000/_next/static/chunks/12e1_next_dist_0kq63wv._.js:2489
[ 1054173ms] [LOG] [Fast Refresh] rebuilding @ http://localhost:3000/_next/static/chunks/12e1_next_dist_0kq63wv._.js:2489
[ 1054366ms] [LOG] [Fast Refresh] done in 295ms @ http://localhost:3000/_next/static/chunks/12e1_next_dist_0kq63wv._.js:2489
[ 1427940ms] [LOG] [Fast Refresh] rebuilding @ http://localhost:3000/_next/static/chunks/12e1_next_dist_0kq63wv._.js:2489
[ 1444015ms] [LOG] [Fast Refresh] done in 16063ms @ http://localhost:3000/_next/static/chunks/12e1_next_dist_0kq63wv._.js:2489
[ 1448722ms] [LOG] [Fast Refresh] rebuilding @ http://localhost:3000/_next/static/chunks/12e1_next_dist_0kq63wv._.js:2489
[ 1450523ms] [LOG] [Fast Refresh] done in 1901ms @ http://localhost:3000/_next/static/chunks/12e1_next_dist_0kq63wv._.js:2489
[ 1450690ms] [LOG] [Fast Refresh] rebuilding @ http://localhost:3000/_next/static/chunks/12e1_next_dist_0kq63wv._.js:2489
[ 1452833ms] [LOG] [Fast Refresh] done in 2244ms @ http://localhost:3000/_next/static/chunks/12e1_next_dist_0kq63wv._.js:2489
[ 1480219ms] [LOG] [Fast Refresh] rebuilding @ http://localhost:3000/_next/static/chunks/12e1_next_dist_0kq63wv._.js:2489
